  Page 1                                    Fri Jul  3 12:29:42 2026

  ******************************************************************
  *                           E P A N E T                          *
  *                   Hydraulic and Water Quality                  *
  *                   Analysis for Pipe Networks                   *
  *                         Version 2.2                            *
  ******************************************************************
  
  Error 202: illegal numeric value 33.7 in [JUNCTIONS] section:
   3                                  0            33.7 1                          ;

  Error 202: illegal numeric value 13.7 in [JUNCTIONS] section:
   4                                  0            13.7 1                          ;

  Error 202: illegal numeric value 14.7 in [JUNCTIONS] section:
   5                                  0            14.7 1                          ;

  Error 202: illegal numeric value 10.7 in [JUNCTIONS] section:
   6                                  0            10.7 1                          ;

  Error 202: illegal numeric value 8.7 in [JUNCTIONS] section:
   7                                  0             8.7 1                          ;

  Error 202: illegal numeric value 14.7 in [JUNCTIONS] section:
   8                                  0            14.7 1                          ;

  Error 202: illegal numeric value 17.7 in [JUNCTIONS] section:
   9                                  0            17.7 1                          ;

  Error 202: illegal numeric value 19.7 in [JUNCTIONS] section:
   10                                 0            19.7 1                          ;

  Error 202: illegal numeric value 54.8 in [JUNCTIONS] section:
   11                                 0            54.8 1                          ;

  Error 202: illegal numeric value 23.7 in [JUNCTIONS] section:
   12                                 0            23.7 1                          ;

  Error 200: one or more errors in input file